ubuntu@ip-10-0-19-184:~$ sudo apt-get update
Hit:1 http://us-east-1.ec2.archive.ubuntu.com/ubuntu jammy InRelease
Get:2 http://us-east-1.ec2.archive.ubuntu.com/ubuntu jammy-updates InRelease [114 kB]
Get:3 http://us-east-1.ec2.archive.ubuntu.com/ubuntu jammy-backports InRelease [99.8 kB]
Get:4 http://us-east-1.ec2.archive.ubuntu.com/ubuntu jammy/universe amd64 Packages [14.1 MB]
Get:5 http://security.ubuntu.com/ubuntu jammy-security InRelease [110 kB]
Get:6 http://us-east-1.ec2.archive.ubuntu.com/ubuntu jammy/universe Translation-en [5652 kB]
Get:7 http://security.ubuntu.com/ubuntu jammy-security/main amd64 Packages [582 kB]   
Get:8 http://us-east-1.ec2.archive.ubuntu.com/ubuntu jammy/universe amd64 c-n-f Metadata [286 kB]
Get:9 http://us-east-1.ec2.archive.ubuntu.com/ubuntu jammy/multiverse amd64 Packages [217 kB]  
Get:10 http://us-east-1.ec2.archive.ubuntu.com/ubuntu jammy/multiverse Translation-en [112 kB]
Get:11 http://us-east-1.ec2.archive.ubuntu.com/ubuntu jammy/multiverse amd64 c-n-f Metadata [8372 B]
Get:12 http://us-east-1.ec2.archive.ubuntu.com/ubuntu jammy-updates/main amd64 Packages [826 kB]
Get:13 http://us-east-1.ec2.archive.ubuntu.com/ubuntu jammy-updates/main Translation-en [183 kB]
Get:14 http://us-east-1.ec2.archive.ubuntu.com/ubuntu jammy-updates/main amd64 c-n-f Metadata [12.1 kB]
Get:15 http://us-east-1.ec2.archive.ubuntu.com/ubuntu jammy-updates/restricted amd64 Packages [556 kB]
Get:16 http://us-east-1.ec2.archive.ubuntu.com/ubuntu jammy-updates/restricted Translation-en [85.5 kB]
Get:17 http://us-east-1.ec2.archive.ubuntu.com/ubuntu jammy-updates/restricted amd64 c-n-f Metadata [552 B]
Get:18 http://us-east-1.ec2.archive.ubuntu.com/ubuntu jammy-updates/universe amd64 Packages [784 kB]
Get:19 http://us-east-1.ec2.archive.ubuntu.com/ubuntu jammy-updates/universe Translation-en [135 kB]
Get:20 http://us-east-1.ec2.archive.ubuntu.com/ubuntu jammy-updates/universe amd64 c-n-f Metadata [14.6 kB]
Get:21 http://us-east-1.ec2.archive.ubuntu.com/ubuntu jammy-updates/multiverse amd64 Packages [7988 B]
Get:22 http://us-east-1.ec2.archive.ubuntu.com/ubuntu jammy-updates/multiverse Translation-en [2448 B]
Get:23 http://us-east-1.ec2.archive.ubuntu.com/ubuntu jammy-updates/multiverse amd64 c-n-f Metadata [432 B]
Get:24 http://us-east-1.ec2.archive.ubuntu.com/ubuntu jammy-backports/main amd64 Packages [3324 B]
Get:25 http://us-east-1.ec2.archive.ubuntu.com/ubuntu jammy-backports/main Translation-en [1580 B]
Get:26 http://us-east-1.ec2.archive.ubuntu.com/ubuntu jammy-backports/main amd64 c-n-f Metadata [272 B]
Get:27 http://us-east-1.ec2.archive.ubuntu.com/ubuntu jammy-backports/restricted amd64 c-n-f Metadata [116 B]
Get:28 http://us-east-1.ec2.archive.ubuntu.com/ubuntu jammy-backports/universe amd64 Packages [6744 B]
Get:29 http://us-east-1.ec2.archive.ubuntu.com/ubuntu jammy-backports/universe Translation-en [9460 B]
Get:30 http://us-east-1.ec2.archive.ubuntu.com/ubuntu jammy-backports/universe amd64 c-n-f Metadata [352 B]
Get:31 http://us-east-1.ec2.archive.ubuntu.com/ubuntu jammy-backports/multiverse amd64 c-n-f Metadata [116 B]
Get:32 http://security.ubuntu.com/ubuntu jammy-security/main Translation-en [122 kB]
Get:33 http://security.ubuntu.com/ubuntu jammy-security/main amd64 c-n-f Metadata [7588 B]
Get:34 http://security.ubuntu.com/ubuntu jammy-security/restricted amd64 Packages [518 kB]
Get:35 http://security.ubuntu.com/ubuntu jammy-security/restricted Translation-en [79.7 kB]
Get:36 http://security.ubuntu.com/ubuntu jammy-security/restricted amd64 c-n-f Metadata [556 B]
Get:37 http://security.ubuntu.com/ubuntu jammy-security/universe amd64 Packages [627 kB]
Get:38 http://security.ubuntu.com/ubuntu jammy-security/universe Translation-en [83.9 kB]
Get:39 http://security.ubuntu.com/ubuntu jammy-security/universe amd64 c-n-f Metadata [11.0 kB]
Get:40 http://security.ubuntu.com/ubuntu jammy-security/multiverse amd64 Packages [4268 B]
Get:41 http://security.ubuntu.com/ubuntu jammy-security/multiverse Translation-en [972 B]
Get:42 http://security.ubuntu.com/ubuntu jammy-security/multiverse amd64 c-n-f Metadata [228 B]
Fetched 25.4 MB in 4s (6150 kB/s)                                
Reading package lists... Done
ubuntu@ip-10-0-19-184:~$ sudo apt-get install apache2 -y
Reading package lists... Done
Building dependency tree... Done
Reading state information... Done
The following additional packages will be installed:
  apache2-bin apache2-data apache2-utils bzip2 libapr1 libaprutil1 libaprutil1-dbd-sqlite3 libaprutil1-ldap liblua5.3-0 mailcap mime-support ssl-cert
Suggested packages:
  apache2-doc apache2-suexec-pristine | apache2-suexec-custom www-browser bzip2-doc
The following NEW packages will be installed:
  apache2 apache2-bin apache2-data apache2-utils bzip2 libapr1 libaprutil1 libaprutil1-dbd-sqlite3 libaprutil1-ldap liblua5.3-0 mailcap mime-support ssl-cert
0 upgraded, 13 newly installed, 0 to remove and 48 not upgraded.
Need to get 2136 kB of archives.
After this operation, 8505 kB of additional disk space will be used.
Get:1 http://us-east-1.ec2.archive.ubuntu.com/ubuntu jammy/main amd64 libapr1 amd64 1.7.0-8build1 [107 kB]
Get:2 http://us-east-1.ec2.archive.ubuntu.com/ubuntu jammy/main amd64 libaprutil1 amd64 1.6.1-5ubuntu4 [92.4 kB]
Get:3 http://us-east-1.ec2.archive.ubuntu.com/ubuntu jammy/main amd64 libaprutil1-dbd-sqlite3 amd64 1.6.1-5ubuntu4 [11.3 kB]
Get:4 http://us-east-1.ec2.archive.ubuntu.com/ubuntu jammy/main amd64 libaprutil1-ldap amd64 1.6.1-5ubuntu4 [9162 B]
Get:5 http://us-east-1.ec2.archive.ubuntu.com/ubuntu jammy/main amd64 liblua5.3-0 amd64 5.3.6-1build1 [140 kB]
Get:6 http://us-east-1.ec2.archive.ubuntu.com/ubuntu jammy-updates/main amd64 apache2-bin amd64 2.4.52-1ubuntu4.2 [1344 kB]
Get:7 http://us-east-1.ec2.archive.ubuntu.com/ubuntu jammy-updates/main amd64 apache2-data all 2.4.52-1ubuntu4.2 [165 kB]
Get:8 http://us-east-1.ec2.archive.ubuntu.com/ubuntu jammy-updates/main amd64 apache2-utils amd64 2.4.52-1ubuntu4.2 [89.3 kB]
Get:9 http://us-east-1.ec2.archive.ubuntu.com/ubuntu jammy/main amd64 mailcap all 3.70+nmu1ubuntu1 [23.8 kB]
Get:10 http://us-east-1.ec2.archive.ubuntu.com/ubuntu jammy/main amd64 mime-support all 3.66 [3696 B]
Get:11 http://us-east-1.ec2.archive.ubuntu.com/ubuntu jammy-updates/main amd64 apache2 amd64 2.4.52-1ubuntu4.2 [97.9 kB]
Get:12 http://us-east-1.ec2.archive.ubuntu.com/ubuntu jammy/main amd64 bzip2 amd64 1.0.8-5build1 [34.8 kB]
Get:13 http://us-east-1.ec2.archive.ubuntu.com/ubuntu jammy/main amd64 ssl-cert all 1.1.2 [17.4 kB]
Fetched 2136 kB in 0s (28.3 MB/s)
Preconfiguring packages ...
Selecting previously unselected package libapr1:amd64.
(Reading database ... 63919 files and directories currently installed.)
Preparing to unpack .../00-libapr1_1.7.0-8build1_amd64.deb ...
Unpacking libapr1:amd64 (1.7.0-8build1) ...
Selecting previously unselected package libaprutil1:amd64.
Preparing to unpack .../01-libaprutil1_1.6.1-5ubuntu4_amd64.deb ...
Unpacking libaprutil1:amd64 (1.6.1-5ubuntu4) ...
Selecting previously unselected package libaprutil1-dbd-sqlite3:amd64.
Preparing to unpack .../02-libaprutil1-dbd-sqlite3_1.6.1-5ubuntu4_amd64.deb ...
Unpacking libaprutil1-dbd-sqlite3:amd64 (1.6.1-5ubuntu4) ...
Selecting previously unselected package libaprutil1-ldap:amd64.
Preparing to unpack .../03-libaprutil1-ldap_1.6.1-5ubuntu4_amd64.deb ...
Unpacking libaprutil1-ldap:amd64 (1.6.1-5ubuntu4) ...
Selecting previously unselected package liblua5.3-0:amd64.
Preparing to unpack .../04-liblua5.3-0_5.3.6-1build1_amd64.deb ...
Unpacking liblua5.3-0:amd64 (5.3.6-1build1) ...
Selecting previously unselected package apache2-bin.
Preparing to unpack .../05-apache2-bin_2.4.52-1ubuntu4.2_amd64.deb ...
Unpacking apache2-bin (2.4.52-1ubuntu4.2) ...
Selecting previously unselected package apache2-data.
Preparing to unpack .../06-apache2-data_2.4.52-1ubuntu4.2_all.deb ...
Unpacking apache2-data (2.4.52-1ubuntu4.2) ...
Selecting previously unselected package apache2-utils.
Preparing to unpack .../07-apache2-utils_2.4.52-1ubuntu4.2_amd64.deb ...
Unpacking apache2-utils (2.4.52-1ubuntu4.2) ...
Selecting previously unselected package mailcap.
Preparing to unpack .../08-mailcap_3.70+nmu1ubuntu1_all.deb ...
Unpacking mailcap (3.70+nmu1ubuntu1) ...
Selecting previously unselected package mime-support.
Preparing to unpack .../09-mime-support_3.66_all.deb ...
Unpacking mime-support (3.66) ...
Selecting previously unselected package apache2.
Preparing to unpack .../10-apache2_2.4.52-1ubuntu4.2_amd64.deb ...
Unpacking apache2 (2.4.52-1ubuntu4.2) ...
Selecting previously unselected package bzip2.
Preparing to unpack .../11-bzip2_1.0.8-5build1_amd64.deb ...
Unpacking bzip2 (1.0.8-5build1) ...
Selecting previously unselected package ssl-cert.
Preparing to unpack .../12-ssl-cert_1.1.2_all.deb ...
Unpacking ssl-cert (1.1.2) ...
Setting up libapr1:amd64 (1.7.0-8build1) ...
Setting up bzip2 (1.0.8-5build1) ...
Setting up ssl-cert (1.1.2) ...
Setting up liblua5.3-0:amd64 (5.3.6-1build1) ...
Setting up apache2-data (2.4.52-1ubuntu4.2) ...
Setting up mailcap (3.70+nmu1ubuntu1) ...
Setting up libaprutil1:amd64 (1.6.1-5ubuntu4) ...
Setting up mime-support (3.66) ...
Setting up libaprutil1-ldap:amd64 (1.6.1-5ubuntu4) ...
Setting up libaprutil1-dbd-sqlite3:amd64 (1.6.1-5ubuntu4) ...
Setting up apache2-utils (2.4.52-1ubuntu4.2) ...
Setting up apache2-bin (2.4.52-1ubuntu4.2) ...
Setting up apache2 (2.4.52-1ubuntu4.2) ...
Enabling module mpm_event.
Enabling module authz_core.
Enabling module authz_host.
Enabling module authn_core.
Enabling module auth_basic.
Enabling module access_compat.
Enabling module authn_file.
Enabling module authz_user.
Enabling module alias.
Enabling module dir.
Enabling module autoindex.
Enabling module env.
Enabling module mime.
Enabling module negotiation.
Enabling module setenvif.
Enabling module filter.
Enabling module deflate.
Enabling module status.
Enabling module reqtimeout.
Enabling conf charset.
Enabling conf localized-error-pages.
Enabling conf other-vhosts-access-log.
Enabling conf security.
Enabling conf serve-cgi-bin.
Enabling site 000-default.
Created symlink /etc/systemd/system/multi-user.target.wants/apache2.service → /lib/systemd/system/apache2.service.
Created symlink /etc/systemd/system/multi-user.target.wants/apache-htcacheclean.service → /lib/systemd/system/apache-htcacheclean.service.
Processing triggers for ufw (0.36.1-4build1) ...
Processing triggers for man-db (2.10.2-1) ...
Processing triggers for libc-bin (2.35-0ubuntu3.1) ...
Scanning processes...                                                                                                                                                       
Scanning linux images...                                                                                                                                                    

Running kernel seems to be up-to-date.

No services need to be restarted.

No containers need to be restarted.

No user sessions are running outdated binaries.

No VM guests are running outdated hypervisor (qemu) binaries on this host.
ubuntu@ip-10-0-19-184:~$ sudo apt-get install libapache2-mod-php -y
Reading package lists... Done
Building dependency tree... Done
Reading state information... Done
The following additional packages will be installed:
  libapache2-mod-php8.1 php-common php8.1-cli php8.1-common php8.1-opcache php8.1-readline
Suggested packages:
  php-pear
The following NEW packages will be installed:
  libapache2-mod-php libapache2-mod-php8.1 php-common php8.1-cli php8.1-common php8.1-opcache php8.1-readline
0 upgraded, 7 newly installed, 0 to remove and 48 not upgraded.
Need to get 5117 kB of archives.
After this operation, 21.3 MB of additional disk space will be used.
Get:1 http://us-east-1.ec2.archive.ubuntu.com/ubuntu jammy/main amd64 php-common all 2:92ubuntu1 [12.4 kB]
Get:2 http://us-east-1.ec2.archive.ubuntu.com/ubuntu jammy-updates/main amd64 php8.1-common amd64 8.1.2-1ubuntu2.9 [1126 kB]
Get:3 http://us-east-1.ec2.archive.ubuntu.com/ubuntu jammy-updates/main amd64 php8.1-opcache amd64 8.1.2-1ubuntu2.9 [365 kB]
Get:4 http://us-east-1.ec2.archive.ubuntu.com/ubuntu jammy-updates/main amd64 php8.1-readline amd64 8.1.2-1ubuntu2.9 [13.5 kB]
Get:5 http://us-east-1.ec2.archive.ubuntu.com/ubuntu jammy-updates/main amd64 php8.1-cli amd64 8.1.2-1ubuntu2.9 [1833 kB]
Get:6 http://us-east-1.ec2.archive.ubuntu.com/ubuntu jammy-updates/main amd64 libapache2-mod-php8.1 amd64 8.1.2-1ubuntu2.9 [1764 kB]
Get:7 http://us-east-1.ec2.archive.ubuntu.com/ubuntu jammy/main amd64 libapache2-mod-php all 2:8.1+92ubuntu1 [2898 B]
Fetched 5117 kB in 0s (43.4 MB/s)       
Selecting previously unselected package php-common.
(Reading database ... 64688 files and directories currently installed.)
Preparing to unpack .../0-php-common_2%3a92ubuntu1_all.deb ...
Unpacking php-common (2:92ubuntu1) ...
Selecting previously unselected package php8.1-common.
Preparing to unpack .../1-php8.1-common_8.1.2-1ubuntu2.9_amd64.deb ...
Unpacking php8.1-common (8.1.2-1ubuntu2.9) ...
Selecting previously unselected package php8.1-opcache.
Preparing to unpack .../2-php8.1-opcache_8.1.2-1ubuntu2.9_amd64.deb ...
Unpacking php8.1-opcache (8.1.2-1ubuntu2.9) ...
Selecting previously unselected package php8.1-readline.
Preparing to unpack .../3-php8.1-readline_8.1.2-1ubuntu2.9_amd64.deb ...
Unpacking php8.1-readline (8.1.2-1ubuntu2.9) ...
Selecting previously unselected package php8.1-cli.
Preparing to unpack .../4-php8.1-cli_8.1.2-1ubuntu2.9_amd64.deb ...
Unpacking php8.1-cli (8.1.2-1ubuntu2.9) ...
Selecting previously unselected package libapache2-mod-php8.1.
Preparing to unpack .../5-libapache2-mod-php8.1_8.1.2-1ubuntu2.9_amd64.deb ...
Unpacking libapache2-mod-php8.1 (8.1.2-1ubuntu2.9) ...
Selecting previously unselected package libapache2-mod-php.
Preparing to unpack .../6-libapache2-mod-php_2%3a8.1+92ubuntu1_all.deb ...
Unpacking libapache2-mod-php (2:8.1+92ubuntu1) ...
Setting up php-common (2:92ubuntu1) ...
Created symlink /etc/systemd/system/timers.target.wants/phpsessionclean.timer → /lib/systemd/system/phpsessionclean.timer.
Setting up php8.1-common (8.1.2-1ubuntu2.9) ...

Creating config file /etc/php/8.1/mods-available/calendar.ini with new version

Creating config file /etc/php/8.1/mods-available/ctype.ini with new version

Creating config file /etc/php/8.1/mods-available/exif.ini with new version

Creating config file /etc/php/8.1/mods-available/fileinfo.ini with new version

Creating config file /etc/php/8.1/mods-available/ffi.ini with new version

Creating config file /etc/php/8.1/mods-available/ftp.ini with new version

Creating config file /etc/php/8.1/mods-available/gettext.ini with new version

Creating config file /etc/php/8.1/mods-available/iconv.ini with new version

Creating config file /etc/php/8.1/mods-available/pdo.ini with new version

Creating config file /etc/php/8.1/mods-available/phar.ini with new version

Creating config file /etc/php/8.1/mods-available/posix.ini with new version

Creating config file /etc/php/8.1/mods-available/shmop.ini with new version

Creating config file /etc/php/8.1/mods-available/sockets.ini with new version

Creating config file /etc/php/8.1/mods-available/sysvmsg.ini with new version

Creating config file /etc/php/8.1/mods-available/sysvsem.ini with new version

Creating config file /etc/php/8.1/mods-available/sysvshm.ini with new version

Creating config file /etc/php/8.1/mods-available/tokenizer.ini with new version
Setting up php8.1-readline (8.1.2-1ubuntu2.9) ...

Creating config file /etc/php/8.1/mods-available/readline.ini with new version
Setting up php8.1-opcache (8.1.2-1ubuntu2.9) ...

Creating config file /etc/php/8.1/mods-available/opcache.ini with new version
Setting up php8.1-cli (8.1.2-1ubuntu2.9) ...
update-alternatives: using /usr/bin/php8.1 to provide /usr/bin/php (php) in auto mode
update-alternatives: using /usr/bin/phar8.1 to provide /usr/bin/phar (phar) in auto mode
update-alternatives: using /usr/bin/phar.phar8.1 to provide /usr/bin/phar.phar (phar.phar) in auto mode

Creating config file /etc/php/8.1/cli/php.ini with new version
Setting up libapache2-mod-php8.1 (8.1.2-1ubuntu2.9) ...

Creating config file /etc/php/8.1/apache2/php.ini with new version
Module mpm_event disabled.
Enabling module mpm_prefork.
apache2_switch_mpm Switch to prefork
apache2_invoke: Enable module php8.1
Setting up libapache2-mod-php (2:8.1+92ubuntu1) ...
Processing triggers for man-db (2.10.2-1) ...
Processing triggers for php8.1-cli (8.1.2-1ubuntu2.9) ...
Processing triggers for libapache2-mod-php8.1 (8.1.2-1ubuntu2.9) ...
Scanning processes...                                                                                                                                                       
Scanning linux images...                                                                                                                                                    

Running kernel seems to be up-to-date.

No services need to be restarted.

No containers need to be restarted.

No user sessions are running outdated binaries.

No VM guests are running outdated hypervisor (qemu) binaries on this host.
ubuntu@ip-10-0-19-184:~$ sudo apt-get install php php-mysql -y
Reading package lists... Done
Building dependency tree... Done
Reading state information... Done
The following additional packages will be installed:
  php8.1 php8.1-mysql
The following NEW packages will be installed:
  php php-mysql php8.1 php8.1-mysql
0 upgraded, 4 newly installed, 0 to remove and 48 not upgraded.
Need to get 144 kB of archives.
After this operation, 551 kB of additional disk space will be used.
Get:1 http://us-east-1.ec2.archive.ubuntu.com/ubuntu jammy-updates/main amd64 php8.1 all 8.1.2-1ubuntu2.9 [9154 B]
Get:2 http://us-east-1.ec2.archive.ubuntu.com/ubuntu jammy/main amd64 php all 2:8.1+92ubuntu1 [2756 B]
Get:3 http://us-east-1.ec2.archive.ubuntu.com/ubuntu jammy-updates/main amd64 php8.1-mysql amd64 8.1.2-1ubuntu2.9 [130 kB]
Get:4 http://us-east-1.ec2.archive.ubuntu.com/ubuntu jammy/main amd64 php-mysql all 2:8.1+92ubuntu1 [1834 B]
Fetched 144 kB in 0s (5693 kB/s)
Selecting previously unselected package php8.1.
(Reading database ... 64813 files and directories currently installed.)
Preparing to unpack .../php8.1_8.1.2-1ubuntu2.9_all.deb ...
Unpacking php8.1 (8.1.2-1ubuntu2.9) ...
Selecting previously unselected package php.
Preparing to unpack .../php_2%3a8.1+92ubuntu1_all.deb ...
Unpacking php (2:8.1+92ubuntu1) ...
Selecting previously unselected package php8.1-mysql.
Preparing to unpack .../php8.1-mysql_8.1.2-1ubuntu2.9_amd64.deb ...
Unpacking php8.1-mysql (8.1.2-1ubuntu2.9) ...
Selecting previously unselected package php-mysql.
Preparing to unpack .../php-mysql_2%3a8.1+92ubuntu1_all.deb ...
Unpacking php-mysql (2:8.1+92ubuntu1) ...
Setting up php8.1 (8.1.2-1ubuntu2.9) ...
Setting up php8.1-mysql (8.1.2-1ubuntu2.9) ...

Creating config file /etc/php/8.1/mods-available/mysqlnd.ini with new version

Creating config file /etc/php/8.1/mods-available/mysqli.ini with new version

Creating config file /etc/php/8.1/mods-available/pdo_mysql.ini with new version
Setting up php (2:8.1+92ubuntu1) ...
Setting up php-mysql (2:8.1+92ubuntu1) ...
Processing triggers for libapache2-mod-php8.1 (8.1.2-1ubuntu2.9) ...
Processing triggers for php8.1-cli (8.1.2-1ubuntu2.9) ...
Scanning processes...                                                                                                                                                       
Scanning linux images...                                                                                                                                                    

Running kernel seems to be up-to-date.

No services need to be restarted.

No containers need to be restarted.

No user sessions are running outdated binaries.

No VM guests are running outdated hypervisor (qemu) binaries on this host.
ubuntu@ip-10-0-19-184:~$ sudo apt-get install mysql-client -y
Reading package lists... Done
Building dependency tree... Done
Reading state information... Done
The following additional packages will be installed:
  mysql-client-8.0 mysql-client-core-8.0 mysql-common
The following NEW packages will be installed:
  mysql-client mysql-client-8.0 mysql-client-core-8.0 mysql-common
0 upgraded, 4 newly installed, 0 to remove and 48 not upgraded.
Need to get 2702 kB of archives.
After this operation, 62.3 MB of additional disk space will be used.
Get:1 http://us-east-1.ec2.archive.ubuntu.com/ubuntu jammy-updates/main amd64 mysql-client-core-8.0 amd64 8.0.31-0ubuntu0.22.04.1 [2663 kB]
Get:2 http://us-east-1.ec2.archive.ubuntu.com/ubuntu jammy/main amd64 mysql-common all 5.8+1.0.8 [7212 B]
Get:3 http://us-east-1.ec2.archive.ubuntu.com/ubuntu jammy-updates/main amd64 mysql-client-8.0 amd64 8.0.31-0ubuntu0.22.04.1 [22.7 kB]
Get:4 http://us-east-1.ec2.archive.ubuntu.com/ubuntu jammy-updates/main amd64 mysql-client all 8.0.31-0ubuntu0.22.04.1 [9428 B]
Fetched 2702 kB in 0s (27.6 MB/s) 
Selecting previously unselected package mysql-client-core-8.0.
(Reading database ... 64837 files and directories currently installed.)
Preparing to unpack .../mysql-client-core-8.0_8.0.31-0ubuntu0.22.04.1_amd64.deb ...
Unpacking mysql-client-core-8.0 (8.0.31-0ubuntu0.22.04.1) ...
Selecting previously unselected package mysql-common.
Preparing to unpack .../mysql-common_5.8+1.0.8_all.deb ...
Unpacking mysql-common (5.8+1.0.8) ...
Selecting previously unselected package mysql-client-8.0.
Preparing to unpack .../mysql-client-8.0_8.0.31-0ubuntu0.22.04.1_amd64.deb ...
Unpacking mysql-client-8.0 (8.0.31-0ubuntu0.22.04.1) ...
Selecting previously unselected package mysql-client.
Preparing to unpack .../mysql-client_8.0.31-0ubuntu0.22.04.1_all.deb ...
Unpacking mysql-client (8.0.31-0ubuntu0.22.04.1) ...
Setting up mysql-common (5.8+1.0.8) ...
update-alternatives: using /etc/mysql/my.cnf.fallback to provide /etc/mysql/my.cnf (my.cnf) in auto mode
Setting up mysql-client-core-8.0 (8.0.31-0ubuntu0.22.04.1) ...
Setting up mysql-client-8.0 (8.0.31-0ubuntu0.22.04.1) ...
Setting up mysql-client (8.0.31-0ubuntu0.22.04.1) ...
Processing triggers for man-db (2.10.2-1) ...
Scanning processes...                                                                                                                                                       
Scanning linux images...                                                                                                                                                    

Running kernel seems to be up-to-date.

No services need to be restarted.

No containers need to be restarted.

No user sessions are running outdated binaries.

No VM guests are running outdated hypervisor (qemu) binaries on this host.
ubuntu@ip-10-0-19-184:~$ sudo apt-get install mysql-server -y
Reading package lists... Done
Building dependency tree... Done
Reading state information... Done
The following additional packages will be installed:
  libcgi-fast-perl libcgi-pm-perl libclone-perl libencode-locale-perl libevent-pthreads-2.1-7 libfcgi-bin libfcgi-perl libfcgi0ldbl libhtml-parser-perl
  libhtml-tagset-perl libhtml-template-perl libhttp-date-perl libhttp-message-perl libio-html-perl liblwp-mediatypes-perl libmecab2 libprotobuf-lite23 libtimedate-perl
  liburi-perl mecab-ipadic mecab-ipadic-utf8 mecab-utils mysql-server-8.0 mysql-server-core-8.0
Suggested packages:
  libdata-dump-perl libipc-sharedcache-perl libbusiness-isbn-perl libwww-perl mailx tinyca
The following NEW packages will be installed:
  libcgi-fast-perl libcgi-pm-perl libclone-perl libencode-locale-perl libevent-pthreads-2.1-7 libfcgi-bin libfcgi-perl libfcgi0ldbl libhtml-parser-perl
  libhtml-tagset-perl libhtml-template-perl libhttp-date-perl libhttp-message-perl libio-html-perl liblwp-mediatypes-perl libmecab2 libprotobuf-lite23 libtimedate-perl
  liburi-perl mecab-ipadic mecab-ipadic-utf8 mecab-utils mysql-server mysql-server-8.0 mysql-server-core-8.0
0 upgraded, 25 newly installed, 0 to remove and 48 not upgraded.
Need to get 26.7 MB of archives.
After this operation, 180 MB of additional disk space will be used.
Get:1 http://us-east-1.ec2.archive.ubuntu.com/ubuntu jammy/main amd64 libevent-pthreads-2.1-7 amd64 2.1.12-stable-1build3 [7642 B]
Get:2 http://us-east-1.ec2.archive.ubuntu.com/ubuntu jammy/main amd64 libmecab2 amd64 0.996-14build9 [199 kB]
Get:3 http://us-east-1.ec2.archive.ubuntu.com/ubuntu jammy/main amd64 libprotobuf-lite23 amd64 3.12.4-1ubuntu7 [208 kB]
Get:4 http://us-east-1.ec2.archive.ubuntu.com/ubuntu jammy-updates/main amd64 mysql-server-core-8.0 amd64 8.0.31-0ubuntu0.22.04.1 [17.5 MB]
Get:5 http://us-east-1.ec2.archive.ubuntu.com/ubuntu jammy-updates/main amd64 mysql-server-8.0 amd64 8.0.31-0ubuntu0.22.04.1 [1420 kB]
Get:6 http://us-east-1.ec2.archive.ubuntu.com/ubuntu jammy/main amd64 libhtml-tagset-perl all 3.20-4 [12.5 kB]
Get:7 http://us-east-1.ec2.archive.ubuntu.com/ubuntu jammy/main amd64 liburi-perl all 5.10-1 [78.8 kB]
Get:8 http://us-east-1.ec2.archive.ubuntu.com/ubuntu jammy/main amd64 libhtml-parser-perl amd64 3.76-1build2 [88.4 kB]
Get:9 http://us-east-1.ec2.archive.ubuntu.com/ubuntu jammy/main amd64 libcgi-pm-perl all 4.54-1 [188 kB]
Get:10 http://us-east-1.ec2.archive.ubuntu.com/ubuntu jammy/main amd64 libfcgi0ldbl amd64 2.4.2-2build2 [28.0 kB]
Get:11 http://us-east-1.ec2.archive.ubuntu.com/ubuntu jammy/main amd64 libfcgi-perl amd64 0.82+ds-1build1 [22.8 kB]
Get:12 http://us-east-1.ec2.archive.ubuntu.com/ubuntu jammy/main amd64 libcgi-fast-perl all 1:2.15-1 [10.5 kB]
Get:13 http://us-east-1.ec2.archive.ubuntu.com/ubuntu jammy/main amd64 libclone-perl amd64 0.45-1build3 [11.0 kB]
Get:14 http://us-east-1.ec2.archive.ubuntu.com/ubuntu jammy/main amd64 libencode-locale-perl all 1.05-1.1 [11.8 kB]
Get:15 http://us-east-1.ec2.archive.ubuntu.com/ubuntu jammy/main amd64 libfcgi-bin amd64 2.4.2-2build2 [11.2 kB]
Get:16 http://us-east-1.ec2.archive.ubuntu.com/ubuntu jammy/main amd64 libhtml-template-perl all 2.97-1.1 [59.1 kB]
Get:17 http://us-east-1.ec2.archive.ubuntu.com/ubuntu jammy/main amd64 libtimedate-perl all 2.3300-2 [34.0 kB]
Get:18 http://us-east-1.ec2.archive.ubuntu.com/ubuntu jammy/main amd64 libhttp-date-perl all 6.05-1 [9920 B]
Get:19 http://us-east-1.ec2.archive.ubuntu.com/ubuntu jammy/main amd64 libio-html-perl all 1.004-2 [15.4 kB]
Get:20 http://us-east-1.ec2.archive.ubuntu.com/ubuntu jammy/main amd64 liblwp-mediatypes-perl all 6.04-1 [19.5 kB]
Get:21 http://us-east-1.ec2.archive.ubuntu.com/ubuntu jammy/main amd64 libhttp-message-perl all 6.36-1 [76.8 kB]
Get:22 http://us-east-1.ec2.archive.ubuntu.com/ubuntu jammy/main amd64 mecab-utils amd64 0.996-14build9 [4850 B]
Get:23 http://us-east-1.ec2.archive.ubuntu.com/ubuntu jammy/main amd64 mecab-ipadic all 2.7.0-20070801+main-3 [6718 kB]
Get:24 http://us-east-1.ec2.archive.ubuntu.com/ubuntu jammy/main amd64 mecab-ipadic-utf8 all 2.7.0-20070801+main-3 [4384 B]
Get:25 http://us-east-1.ec2.archive.ubuntu.com/ubuntu jammy-updates/main amd64 mysql-server all 8.0.31-0ubuntu0.22.04.1 [9538 B]
Fetched 26.7 MB in 1s (30.0 MB/s)  
Preconfiguring packages ...
Selecting previously unselected package libevent-pthreads-2.1-7:amd64.
(Reading database ... 64897 files and directories currently installed.)
Preparing to unpack .../00-libevent-pthreads-2.1-7_2.1.12-stable-1build3_amd64.deb ...
Unpacking libevent-pthreads-2.1-7:amd64 (2.1.12-stable-1build3) ...
Selecting previously unselected package libmecab2:amd64.
Preparing to unpack .../01-libmecab2_0.996-14build9_amd64.deb ...
Unpacking libmecab2:amd64 (0.996-14build9) ...
Selecting previously unselected package libprotobuf-lite23:amd64.
Preparing to unpack .../02-libprotobuf-lite23_3.12.4-1ubuntu7_amd64.deb ...
Unpacking libprotobuf-lite23:amd64 (3.12.4-1ubuntu7) ...
Selecting previously unselected package mysql-server-core-8.0.
Preparing to unpack .../03-mysql-server-core-8.0_8.0.31-0ubuntu0.22.04.1_amd64.deb ...
Unpacking mysql-server-core-8.0 (8.0.31-0ubuntu0.22.04.1) ...
Selecting previously unselected package mysql-server-8.0.
Preparing to unpack .../04-mysql-server-8.0_8.0.31-0ubuntu0.22.04.1_amd64.deb ...
Unpacking mysql-server-8.0 (8.0.31-0ubuntu0.22.04.1) ...
Selecting previously unselected package libhtml-tagset-perl.
Preparing to unpack .../05-libhtml-tagset-perl_3.20-4_all.deb ...
Unpacking libhtml-tagset-perl (3.20-4) ...
Selecting previously unselected package liburi-perl.
Preparing to unpack .../06-liburi-perl_5.10-1_all.deb ...
Unpacking liburi-perl (5.10-1) ...
Selecting previously unselected package libhtml-parser-perl:amd64.
Preparing to unpack .../07-libhtml-parser-perl_3.76-1build2_amd64.deb ...
Unpacking libhtml-parser-perl:amd64 (3.76-1build2) ...
Selecting previously unselected package libcgi-pm-perl.
Preparing to unpack .../08-libcgi-pm-perl_4.54-1_all.deb ...
Unpacking libcgi-pm-perl (4.54-1) ...
Selecting previously unselected package libfcgi0ldbl:amd64.
Preparing to unpack .../09-libfcgi0ldbl_2.4.2-2build2_amd64.deb ...
Unpacking libfcgi0ldbl:amd64 (2.4.2-2build2) ...
Selecting previously unselected package libfcgi-perl:amd64.
Preparing to unpack .../10-libfcgi-perl_0.82+ds-1build1_amd64.deb ...
Unpacking libfcgi-perl:amd64 (0.82+ds-1build1) ...
Selecting previously unselected package libcgi-fast-perl.
Preparing to unpack .../11-libcgi-fast-perl_1%3a2.15-1_all.deb ...
Unpacking libcgi-fast-perl (1:2.15-1) ...
Selecting previously unselected package libclone-perl.
Preparing to unpack .../12-libclone-perl_0.45-1build3_amd64.deb ...
Unpacking libclone-perl (0.45-1build3) ...
Selecting previously unselected package libencode-locale-perl.
Preparing to unpack .../13-libencode-locale-perl_1.05-1.1_all.deb ...
Unpacking libencode-locale-perl (1.05-1.1) ...
Selecting previously unselected package libfcgi-bin.
Preparing to unpack .../14-libfcgi-bin_2.4.2-2build2_amd64.deb ...
Unpacking libfcgi-bin (2.4.2-2build2) ...
Selecting previously unselected package libhtml-template-perl.
Preparing to unpack .../15-libhtml-template-perl_2.97-1.1_all.deb ...
Unpacking libhtml-template-perl (2.97-1.1) ...
Selecting previously unselected package libtimedate-perl.
Preparing to unpack .../16-libtimedate-perl_2.3300-2_all.deb ...
Unpacking libtimedate-perl (2.3300-2) ...
Selecting previously unselected package libhttp-date-perl.
Preparing to unpack .../17-libhttp-date-perl_6.05-1_all.deb ...
Unpacking libhttp-date-perl (6.05-1) ...
Selecting previously unselected package libio-html-perl.
Preparing to unpack .../18-libio-html-perl_1.004-2_all.deb ...
Unpacking libio-html-perl (1.004-2) ...
Selecting previously unselected package liblwp-mediatypes-perl.
Preparing to unpack .../19-liblwp-mediatypes-perl_6.04-1_all.deb ...
Unpacking liblwp-mediatypes-perl (6.04-1) ...
Selecting previously unselected package libhttp-message-perl.
Preparing to unpack .../20-libhttp-message-perl_6.36-1_all.deb ...
Unpacking libhttp-message-perl (6.36-1) ...
Selecting previously unselected package mecab-utils.
Preparing to unpack .../21-mecab-utils_0.996-14build9_amd64.deb ...
Unpacking mecab-utils (0.996-14build9) ...
Selecting previously unselected package mecab-ipadic.
Preparing to unpack .../22-mecab-ipadic_2.7.0-20070801+main-3_all.deb ...
Unpacking mecab-ipadic (2.7.0-20070801+main-3) ...
Selecting previously unselected package mecab-ipadic-utf8.
Preparing to unpack .../23-mecab-ipadic-utf8_2.7.0-20070801+main-3_all.deb ...
Unpacking mecab-ipadic-utf8 (2.7.0-20070801+main-3) ...
Selecting previously unselected package mysql-server.
Preparing to unpack .../24-mysql-server_8.0.31-0ubuntu0.22.04.1_all.deb ...
Unpacking mysql-server (8.0.31-0ubuntu0.22.04.1) ...
Setting up libmecab2:amd64 (0.996-14build9) ...
Setting up libfcgi0ldbl:amd64 (2.4.2-2build2) ...
Setting up libclone-perl (0.45-1build3) ...
Setting up libhtml-tagset-perl (3.20-4) ...
Setting up liblwp-mediatypes-perl (6.04-1) ...
Setting up libfcgi-bin (2.4.2-2build2) ...
Setting up libencode-locale-perl (1.05-1.1) ...
Setting up libprotobuf-lite23:amd64 (3.12.4-1ubuntu7) ...
Setting up mecab-utils (0.996-14build9) ...
Setting up libio-html-perl (1.004-2) ...
Setting up libtimedate-perl (2.3300-2) ...
Setting up libfcgi-perl:amd64 (0.82+ds-1build1) ...
Setting up liburi-perl (5.10-1) ...
Setting up libevent-pthreads-2.1-7:amd64 (2.1.12-stable-1build3) ...
Setting up libhttp-date-perl (6.05-1) ...
Setting up mecab-ipadic (2.7.0-20070801+main-3) ...
Compiling IPA dictionary for Mecab.  This takes long time...
reading /usr/share/mecab/dic/ipadic/unk.def ... 40
emitting double-array: 100% |###########################################| 
/usr/share/mecab/dic/ipadic/model.def is not found. skipped.
reading /usr/share/mecab/dic/ipadic/Postp-col.csv ... 91
reading /usr/share/mecab/dic/ipadic/Noun.verbal.csv ... 12146
reading /usr/share/mecab/dic/ipadic/Adj.csv ... 27210
reading /usr/share/mecab/dic/ipadic/Noun.demonst.csv ... 120
reading /usr/share/mecab/dic/ipadic/Postp.csv ... 146
reading /usr/share/mecab/dic/ipadic/Symbol.csv ... 208
reading /usr/share/mecab/dic/ipadic/Suffix.csv ... 1393
reading /usr/share/mecab/dic/ipadic/Noun.org.csv ... 16668
reading /usr/share/mecab/dic/ipadic/Noun.number.csv ... 42
reading /usr/share/mecab/dic/ipadic/Noun.adverbal.csv ... 795
reading /usr/share/mecab/dic/ipadic/Interjection.csv ... 252
reading /usr/share/mecab/dic/ipadic/Filler.csv ... 19
reading /usr/share/mecab/dic/ipadic/Noun.csv ... 60477
reading /usr/share/mecab/dic/ipadic/Noun.name.csv ... 34202
reading /usr/share/mecab/dic/ipadic/Conjunction.csv ... 171
reading /usr/share/mecab/dic/ipadic/Auxil.csv ... 199
reading /usr/share/mecab/dic/ipadic/Noun.adjv.csv ... 3328
reading /usr/share/mecab/dic/ipadic/Adverb.csv ... 3032
reading /usr/share/mecab/dic/ipadic/Verb.csv ... 130750
reading /usr/share/mecab/dic/ipadic/Others.csv ... 2
reading /usr/share/mecab/dic/ipadic/Noun.proper.csv ... 27328
reading /usr/share/mecab/dic/ipadic/Noun.nai.csv ... 42
reading /usr/share/mecab/dic/ipadic/Adnominal.csv ... 135
reading /usr/share/mecab/dic/ipadic/Noun.others.csv ... 151
reading /usr/share/mecab/dic/ipadic/Noun.place.csv ... 72999
reading /usr/share/mecab/dic/ipadic/Prefix.csv ... 221
emitting double-array: 100% |###########################################| 
reading /usr/share/mecab/dic/ipadic/matrix.def ... 1316x1316
emitting matrix      : 100% |###########################################| 

done!
update-alternatives: using /var/lib/mecab/dic/ipadic to provide /var/lib/mecab/dic/debian (mecab-dictionary) in auto mode
Setting up mysql-server-core-8.0 (8.0.31-0ubuntu0.22.04.1) ...
Setting up mecab-ipadic-utf8 (2.7.0-20070801+main-3) ...
Compiling IPA dictionary for Mecab.  This takes long time...
reading /usr/share/mecab/dic/ipadic/unk.def ... 40
emitting double-array: 100% |###########################################| 
/usr/share/mecab/dic/ipadic/model.def is not found. skipped.
reading /usr/share/mecab/dic/ipadic/Postp-col.csv ... 91
reading /usr/share/mecab/dic/ipadic/Noun.verbal.csv ... 12146
reading /usr/share/mecab/dic/ipadic/Adj.csv ... 27210
reading /usr/share/mecab/dic/ipadic/Noun.demonst.csv ... 120
reading /usr/share/mecab/dic/ipadic/Postp.csv ... 146
reading /usr/share/mecab/dic/ipadic/Symbol.csv ... 208
reading /usr/share/mecab/dic/ipadic/Suffix.csv ... 1393
reading /usr/share/mecab/dic/ipadic/Noun.org.csv ... 16668
reading /usr/share/mecab/dic/ipadic/Noun.number.csv ... 42
reading /usr/share/mecab/dic/ipadic/Noun.adverbal.csv ... 795
reading /usr/share/mecab/dic/ipadic/Interjection.csv ... 252
reading /usr/share/mecab/dic/ipadic/Filler.csv ... 19
reading /usr/share/mecab/dic/ipadic/Noun.csv ... 60477
reading /usr/share/mecab/dic/ipadic/Noun.name.csv ... 34202
reading /usr/share/mecab/dic/ipadic/Conjunction.csv ... 171
reading /usr/share/mecab/dic/ipadic/Auxil.csv ... 199
reading /usr/share/mecab/dic/ipadic/Noun.adjv.csv ... 3328
reading /usr/share/mecab/dic/ipadic/Adverb.csv ... 3032
reading /usr/share/mecab/dic/ipadic/Verb.csv ... 130750
reading /usr/share/mecab/dic/ipadic/Others.csv ... 2
reading /usr/share/mecab/dic/ipadic/Noun.proper.csv ... 27328
reading /usr/share/mecab/dic/ipadic/Noun.nai.csv ... 42
reading /usr/share/mecab/dic/ipadic/Adnominal.csv ... 135
reading /usr/share/mecab/dic/ipadic/Noun.others.csv ... 151
reading /usr/share/mecab/dic/ipadic/Noun.place.csv ... 72999
reading /usr/share/mecab/dic/ipadic/Prefix.csv ... 221
emitting double-array: 100% |###########################################| 
reading /usr/share/mecab/dic/ipadic/matrix.def ... 1316x1316
emitting matrix      : 100% |###########################################| 

done!
update-alternatives: using /var/lib/mecab/dic/ipadic-utf8 to provide /var/lib/mecab/dic/debian (mecab-dictionary) in auto mode
Setting up libhtml-parser-perl:amd64 (3.76-1build2) ...
Setting up libhttp-message-perl (6.36-1) ...
Setting up mysql-server-8.0 (8.0.31-0ubuntu0.22.04.1) ...
update-alternatives: using /etc/mysql/mysql.cnf to provide /etc/mysql/my.cnf (my.cnf) in auto mode
Renaming removed key_buffer and myisam-recover options (if present)
mysqld will log errors to /var/log/mysql/error.log
mysqld is running as pid 11338
Created symlink /etc/systemd/system/multi-user.target.wants/mysql.service → /lib/systemd/system/mysql.service.
Setting up libcgi-pm-perl (4.54-1) ...
Setting up libhtml-template-perl (2.97-1.1) ...
Setting up mysql-server (8.0.31-0ubuntu0.22.04.1) ...
Setting up libcgi-fast-perl (1:2.15-1) ...
Processing triggers for man-db (2.10.2-1) ...
Processing triggers for libc-bin (2.35-0ubuntu3.1) ...
Scanning processes...                                                                                                                                                       
Scanning linux images...                                                                                                                                                    

Running kernel seems to be up-to-date.

No services need to be restarted.

No containers need to be restarted.

No user sessions are running outdated binaries.

No VM guests are running outdated hypervisor (qemu) binaries on this host.
ubuntu@ip-10-0-19-184:~$ git clone https://github.com/sreepathysois/phpmysql-app.git
Cloning into 'phpmysql-app'...
remote: Enumerating objects: 321, done.
remote: Counting objects: 100% (33/33), done.
remote: Compressing objects: 100% (27/27), done.
remote: Total 321 (delta 19), reused 5 (delta 5), pack-reused 288
Receiving objects: 100% (321/321), 13.80 MiB | 32.18 MiB/s, done.
Resolving deltas: 100% (58/58), done.
ubuntu@ip-10-0-19-184:~$ cd phpmysql-app/
ubuntu@ip-10-0-19-184:~/phpmysql-app$ cd php/
ubuntu@ip-10-0-19-184:~/phpmysql-app/php$ cd online-shopping-system/
ubuntu@ip-10-0-19-184:~/phpmysql-app/php/online-shopping-system$ ls
Dockerfile                _config.yml  cart.php              css        fonts           img        login_form.php   payment_success.php  register_form.php
Dockerfile_update_webapp  action.php   checkout.php          database   footer.php      index.php  logout.php       product.php          store.php
LICENSE                   admin        checkout_process.php  db.php     header.php      js         newslettter.php  product_images
README.md                 body.php     config.php            error.php  homeaction.php  login.php  offersmail.php   register.php
ubuntu@ip-10-0-19-184:~/phpmysql-app/php/online-shopping-system$ sudo cp -rf * /var/www/html/
ubuntu@ip-10-0-19-184:~/phpmysql-app/php/online-shopping-system$ cd /var/www/html/
ubuntu@ip-10-0-19-184:/var/www/html$ cd database/
ubuntu@ip-10-0-19-184:/var/www/html/database$ ls
Dockerfile_db  onlineshop.sql
ubuntu@ip-10-0-19-184:/var/www/html/database$ sudo mysql -u root -p
Enter password: 
Welcome to the MySQL monitor.  Commands end with ; or \g.
Your MySQL connection id is 8
Server version: 8.0.31-0ubuntu0.22.04.1 (Ubuntu)

Copyright (c) 2000, 2022, Oracle and/or its affiliates.

Oracle is a registered trademark of Oracle Corporation and/or its
affiliates. Other names may be trademarks of their respective
owners.

Type 'help;' or '\h' for help. Type '\c' to clear the current input statement.

mysql> create database mywebdb;
Query OK, 1 row affected (0.02 sec)

mysql> use mywebdb;
Database changed
mysql> source onlineshop.sql;
Query OK, 0 rows affected (0.00 sec)

Query OK, 0 rows affected (0.00 sec)

Query OK, 0 rows affected (0.00 sec)

Query OK, 0 rows affected (0.00 sec)

Query OK, 0 rows affected (0.00 sec)

Query OK, 0 rows affected (0.00 sec)

Query OK, 0 rows affected (0.00 sec)

Query OK, 0 rows affected (0.00 sec)

Query OK, 0 rows affected (0.02 sec)

Query OK, 0 rows affected, 1 warning (0.06 sec)

Query OK, 1 row affected (0.02 sec)

Query OK, 0 rows affected, 1 warning (0.06 sec)

Query OK, 6 rows affected (0.00 sec)
Records: 6  Duplicates: 0  Warnings: 0

Query OK, 0 rows affected, 4 warnings (0.07 sec)

Query OK, 17 rows affected (0.00 sec)
Records: 17  Duplicates: 0  Warnings: 0

Query OK, 0 rows affected, 1 warning (0.13 sec)

Query OK, 7 rows affected (0.00 sec)
Records: 7  Duplicates: 0  Warnings: 0

Query OK, 0 rows affected, 1 warning (0.06 sec)

Query OK, 3 rows affected (0.00 sec)
Records: 3  Duplicates: 0  Warnings: 0

Query OK, 0 rows affected, 1 warning (0.05 sec)

Query OK, 0 rows affected, 4 warnings (0.04 sec)

Query OK, 2 rows affected (0.01 sec)
Records: 2  Duplicates: 0  Warnings: 0

Query OK, 0 rows affected, 6 warnings (0.06 sec)

Query OK, 1 row affected (0.00 sec)

Query OK, 0 rows affected, 5 warnings (0.05 sec)

Query OK, 3 rows affected (0.00 sec)
Records: 3  Duplicates: 0  Warnings: 0

Query OK, 0 rows affected, 4 warnings (0.05 sec)

Query OK, 71 rows affected (0.01 sec)
Records: 71  Duplicates: 0  Warnings: 0

Query OK, 0 rows affected, 1 warning (0.05 sec)

Query OK, 9 rows affected, 1 warning (0.00 sec)
Records: 9  Duplicates: 0  Warnings: 1

Query OK, 0 rows affected (0.03 sec)

Query OK, 0 rows affected, 1 warning (0.05 sec)

Query OK, 11 rows affected (0.00 sec)
Records: 11  Duplicates: 0  Warnings: 0

Query OK, 0 rows affected (0.12 sec)
Records: 0  Duplicates: 0  Warnings: 0

Query OK, 0 rows affected (0.11 sec)
Records: 0  Duplicates: 0  Warnings: 0

Query OK, 0 rows affected (0.13 sec)
Records: 0  Duplicates: 0  Warnings: 0

Query OK, 0 rows affected (0.14 sec)
Records: 0  Duplicates: 0  Warnings: 0

Query OK, 0 rows affected (0.18 sec)
Records: 0  Duplicates: 0  Warnings: 0

Query OK, 0 rows affected (0.11 sec)
Records: 0  Duplicates: 0  Warnings: 0

Query OK, 0 rows affected (0.10 sec)
Records: 0  Duplicates: 0  Warnings: 0

Query OK, 0 rows affected (0.15 sec)
Records: 0  Duplicates: 0  Warnings: 0

Query OK, 0 rows affected (0.13 sec)
Records: 0  Duplicates: 0  Warnings: 0

Query OK, 0 rows affected (0.14 sec)
Records: 0  Duplicates: 0  Warnings: 0

Query OK, 0 rows affected (0.13 sec)
Records: 0  Duplicates: 0  Warnings: 0

Query OK, 0 rows affected (0.11 sec)
Records: 0  Duplicates: 0  Warnings: 0

Query OK, 1 row affected, 1 warning (0.10 sec)
Records: 1  Duplicates: 0  Warnings: 1

Query OK, 6 rows affected, 1 warning (0.08 sec)
Records: 6  Duplicates: 0  Warnings: 1

Query OK, 17 rows affected, 1 warning (0.08 sec)
Records: 17  Duplicates: 0  Warnings: 1

Query OK, 7 rows affected, 1 warning (0.09 sec)
Records: 7  Duplicates: 0  Warnings: 1

Query OK, 3 rows affected, 1 warning (0.08 sec)
Records: 3  Duplicates: 0  Warnings: 1

Query OK, 0 rows affected, 1 warning (0.08 sec)
Records: 0  Duplicates: 0  Warnings: 1

Query OK, 2 rows affected, 1 warning (0.07 sec)
Records: 2  Duplicates: 0  Warnings: 1

Query OK, 1 row affected, 1 warning (0.09 sec)
Records: 1  Duplicates: 0  Warnings: 1

Query OK, 3 rows affected, 1 warning (0.09 sec)
Records: 3  Duplicates: 0  Warnings: 1

Query OK, 71 rows affected, 1 warning (0.09 sec)
Records: 71  Duplicates: 0  Warnings: 1

Query OK, 9 rows affected, 1 warning (0.09 sec)
Records: 9  Duplicates: 0  Warnings: 1

Query OK, 11 rows affected, 1 warning (0.09 sec)
Records: 11  Duplicates: 0  Warnings: 1

Query OK, 1 row affected (0.10 sec)
Records: 1  Duplicates: 0  Warnings: 0

Query OK, 3 rows affected (0.11 sec)
Records: 3  Duplicates: 0  Warnings: 0

Query OK, 0 rows affected (0.00 sec)

Query OK, 0 rows affected (0.01 sec)

Query OK, 0 rows affected (0.00 sec)

Query OK, 0 rows affected (0.00 sec)

mysql> create user 'msis'@'localhost' identified by 'Msis@123';
Query OK, 0 rows affected (0.02 sec)

mysql> grant all privileges on mywebdb.* to 'msis'@'localhost';
Query OK, 0 rows affected (0.02 sec)

mysql> exit
Bye
ubuntu@ip-10-0-19-184:/var/www/html/database$ sudo mysql -u msis -p
Enter password: 
Welcome to the MySQL monitor.  Commands end with ; or \g.
Your MySQL connection id is 9
Server version: 8.0.31-0ubuntu0.22.04.1 (Ubuntu)

Copyright (c) 2000, 2022, Oracle and/or its affiliates.

Oracle is a registered trademark of Oracle Corporation and/or its
affiliates. Other names may be trademarks of their respective
owners.

Type 'help;' or '\h' for help. Type '\c' to clear the current input statement.

mysql> show databases;
+--------------------+
| Database           |
+--------------------+
| information_schema |
| mywebdb            |
| performance_schema |
+--------------------+
3 rows in set (0.00 sec)

mysql> use mywebdb;
Reading table information for completion of table and column names
You can turn off this feature to get a quicker startup with -A

Database changed
mysql> show tables;
+-------------------+
| Tables_in_mywebdb |
+-------------------+
| admin_info        |
| brands            |
| cart              |
| categories        |
| email_info        |
| logs              |
| order_products    |
| orders            |
| orders_info       |
| products          |
| user_info         |
| user_info_backup  |
+-------------------+
12 rows in set (0.00 sec)

mysql> exit
Bye
ubuntu@ip-10-0-19-184:/var/www/html/database$ cd ..
ubuntu@ip-10-0-19-184:/var/www/html$ sudo vi db.php 
ubuntu@ip-10-0-19-184:/var/www/html$ sudo vi /etc/apache2/mods-enabled/dir.conf
ubuntu@ip-10-0-19-184:/var/www/html$ sudo systemctl restart apache2
ubuntu@ip-10-0-19-184:/var/www/html$ 
